[15:54:36] [ServerMain/INFO]: Environment: Environment[sessionHost=https://sessionserver.mojang.com, servicesHost=https://api.minecraftservices.com, profilesHost=https://api.mojang.com, name=PROD]
[15:54:40] [ServerMain/INFO]: Loaded 1515 recipes
[15:54:40] [ServerMain/INFO]: Loaded 1617 advancements
[15:54:40] [Server thread/INFO]: Starting minecraft server version 26.1.2
[15:54:40] [Server thread/INFO]: Loading properties
[15:54:40] [Server thread/INFO]: Default game type: SURVIVAL
[15:54:40] [Server thread/INFO]: Generating keypair
[15:54:40] [Server thread/INFO]: Starting Minecraft server on *:25565
[15:54:41] [Server thread/WARN]: **** SERVER IS RUNNING IN OFFLINE/INSECURE MODE!
[15:54:41] [Server thread/WARN]: The server will make no attempt to authenticate usernames. Beware.
[15:54:41] [Server thread/WARN]: While this makes the game possible to play without internet access, it also opens up the ability for hackers to connect with any username they choose.
[15:54:41] [Server thread/WARN]: To change this, set "online-mode" to "true" in the server.properties file.
[15:54:41] [Server thread/INFO]: Preparing level "world"
[15:54:41] [Server thread/INFO]: Loading 0 persistent chunks...
[15:54:41] [Server thread/INFO]: Preparing spawn area: 100%
[15:54:41] [Server thread/INFO]: Time elapsed: 12 ms
[15:54:41] [Server thread/INFO]: Done (0.610s)! For help, type "help"
[15:54:41] [Server thread/INFO]: Saving chunks for level 'ServerLevel[world]'/minecraft:overworld
[15:54:42] [Server thread/INFO]: Saving chunks for level 'ServerLevel[world]'/minecraft:the_nether
[15:54:42] [Server thread/INFO]: Saving chunks for level 'ServerLevel[world]'/minecraft:the_end
[15:54:43] [Server thread/INFO]: ThreadedAnvilChunkStorage (world): All chunks are saved
[15:54:43] [Server thread/INFO]: ThreadedAnvilChunkStorage (DIM-1): All chunks are saved
[15:54:43] [Server thread/INFO]: ThreadedAnvilChunkStorage (DIM1): All chunks are saved
[15:54:43] [Server thread/INFO]: ThreadedAnvilChunkStorage: All dimensions are saved
[15:55:43] [Server thread/INFO]: Server empty for 60 seconds, pausing
[16:03:37] [Server thread/INFO]: Parrewt[/127.118.76.157:47073] logged in with entity id 11 at (-12.5, 63.0, -8.5)
[16:03:37] [Server thread/INFO]: Parrewt joined the game
[16:04:18] [Server thread/INFO]: Parrewt lost connection: Disconnected
[16:04:18] [Server thread/INFO]: Parrewt left the game
